\BOOKMARK [1][-]{section.1}{Complete Index of Songs}{}
\BOOKMARK [1][-]{section.2}{69 Love Songs}{}
\BOOKMARK [2][-]{song1-1.2}{1. Absolutely Cuckoo}{section.2}
\BOOKMARK [2][-]{song1-2.2}{2. I Don't Belive In The Sun}{section.2}
\BOOKMARK [2][-]{song1-3.2}{3. All My Little Words}{section.2}
\BOOKMARK [2][-]{song1-4.2}{4. A Chicken with Its Head Cut Off}{section.2}
\BOOKMARK [2][-]{song1-5.2}{5. Reno Dakota}{section.2}
\BOOKMARK [2][-]{song1-6.2}{6. I Don't Want To Get Over You}{section.2}
\BOOKMARK [2][-]{song1-7.2}{7. Come Back from San Francisco}{section.2}
\BOOKMARK [2][-]{song1-8.2}{8. The Luckiest Guy on the Lower East Side}{section.2}
\BOOKMARK [2][-]{song1-9.2}{9. Let's Pretend We're Bunny Rabbits}{section.2}
\BOOKMARK [2][-]{song1-10.2}{10. The Cactus Where Your Heart Should Be}{section.2}
\BOOKMARK [2][-]{song1-11.2}{11. I Think I Need a New Heart}{section.2}
\BOOKMARK [2][-]{song1-12.2}{12. The Book of Love}{section.2}
\BOOKMARK [2][-]{song1-13.2}{13. Fido, Your Leash is Too Long}{section.2}
\BOOKMARK [2][-]{song1-14.2}{14. How Fucking Romantic}{section.2}
\BOOKMARK [2][-]{song1-15.2}{15. The One You Really Love}{section.2}
\BOOKMARK [2][-]{song1-16.2}{16. Punk Love}{section.2}
\BOOKMARK [2][-]{song1-17.2}{17. Parades Go By}{section.2}
\BOOKMARK [2][-]{song1-18.2}{18. Boa Constrictor}{section.2}
\BOOKMARK [2][-]{song1-19.2}{19. A Pretty Girl is Like...}{section.2}
\BOOKMARK [2][-]{song1-20.2}{20. My Sentimental Melody}{section.2}
\BOOKMARK [2][-]{song1-21.2}{21. Nothing Matters When We're Dancing}{section.2}
\BOOKMARK [2][-]{song1-22.2}{22. Sweet-Lovin' Man}{section.2}
\BOOKMARK [2][-]{song1-23.2}{23. The Things We Did and Didn't Do}{section.2}
\BOOKMARK [2][-]{song1-24.2}{24. Roses}{section.2}
\BOOKMARK [2][-]{song1-25.2}{25. Love is Like Jazz}{section.2}
\BOOKMARK [2][-]{song1-26.2}{26. When My Boy Walks Down the Street}{section.2}
\BOOKMARK [2][-]{song1-27.2}{27. Time Enough for Rocking When We're Old}{section.2}
\BOOKMARK [2][-]{song1-28.2}{28. Very Funny}{section.2}
\BOOKMARK [2][-]{song1-29.2}{29. Grand Canyon}{section.2}
\BOOKMARK [2][-]{song1-30.2}{30. No One Will Ever Love You}{section.2}
\BOOKMARK [2][-]{song1-31.2}{31. If You Don't Cry}{section.2}
\BOOKMARK [2][-]{song1-32.2}{32. You're My Only Home}{section.2}
\BOOKMARK [2][-]{song1-33.2}{33. \(Crazy for You But\) Not That Crazy}{section.2}
\BOOKMARK [2][-]{song1-34.2}{34. My Only Friend}{section.2}
\BOOKMARK [2][-]{song1-35.2}{35. Promises of Eternity}{section.2}
